Archive member included to satisfy reference by file (symbol)

e:/atmel studio 7/7.0/toolchain/avr8/avr8-gnu-toolchain/bin/../lib/gcc/avr/5.4.0/avr4\libgcc.a(_exit.o)
                              E:/Atmel studio 7/7.0/Packs/Atmel/ATmega_DFP/1.4.331/gcc/dev/atmega8a/avr4/crtatmega8a.o (exit)
e:/atmel studio 7/7.0/toolchain/avr8/avr8-gnu-toolchain/bin/../lib/gcc/avr/5.4.0/avr4\libgcc.a(_copy_data.o)
                              ds3231.o (__do_copy_data)
e:/atmel studio 7/7.0/toolchain/avr8/avr8-gnu-toolchain/bin/../lib/gcc/avr/5.4.0/avr4\libgcc.a(_clear_bss.o)
                              ds3231.o (__do_clear_bss)
e:/atmel studio 7/7.0/toolchain/avr8/avr8-gnu-toolchain/bin/../lib/gcc/avr/5.4.0/avr4\libgcc.a(_umulhisi3.o)
                              ds3231.o (__umulhisi3)
e:/atmel studio 7/7.0/toolchain/avr8/avr8-gnu-toolchain/bin/../lib/gcc/avr/5.4.0/../../../../avr/lib/avr4\libc.a(sprintf.o)
                              main.o (sprintf)
e:/atmel studio 7/7.0/toolchain/avr8/avr8-gnu-toolchain/bin/../lib/gcc/avr/5.4.0/../../../../avr/lib/avr4\libc.a(vfprintf_std.o)
                              e:/atmel studio 7/7.0/toolchain/avr8/avr8-gnu-toolchain/bin/../lib/gcc/avr/5.4.0/../../../../avr/lib/avr4\libc.a(sprintf.o) (vfprintf)
e:/atmel studio 7/7.0/toolchain/avr8/avr8-gnu-toolchain/bin/../lib/gcc/avr/5.4.0/../../../../avr/lib/avr4\libc.a(strnlen_P.o)
                              e:/atmel studio 7/7.0/toolchain/avr8/avr8-gnu-toolchain/bin/../lib/gcc/avr/5.4.0/../../../../avr/lib/avr4\libc.a(vfprintf_std.o) (strnlen_P)
e:/atmel studio 7/7.0/toolchain/avr8/avr8-gnu-toolchain/bin/../lib/gcc/avr/5.4.0/../../../../avr/lib/avr4\libc.a(strnlen.o)
                              e:/atmel studio 7/7.0/toolchain/avr8/avr8-gnu-toolchain/bin/../lib/gcc/avr/5.4.0/../../../../avr/lib/avr4\libc.a(vfprintf_std.o) (strnlen)
e:/atmel studio 7/7.0/toolchain/avr8/avr8-gnu-toolchain/bin/../lib/gcc/avr/5.4.0/../../../../avr/lib/avr4\libc.a(fputc.o)
                              e:/atmel studio 7/7.0/toolchain/avr8/avr8-gnu-toolchain/bin/../lib/gcc/avr/5.4.0/../../../../avr/lib/avr4\libc.a(vfprintf_std.o) (fputc)
e:/atmel studio 7/7.0/toolchain/avr8/avr8-gnu-toolchain/bin/../lib/gcc/avr/5.4.0/../../../../avr/lib/avr4\libc.a(ultoa_invert.o)
                              e:/atmel studio 7/7.0/toolchain/avr8/avr8-gnu-toolchain/bin/../lib/gcc/avr/5.4.0/../../../../avr/lib/avr4\libc.a(vfprintf_std.o) (__ultoa_invert)
e:/atmel studio 7/7.0/toolchain/avr8/avr8-gnu-toolchain/bin/../lib/gcc/avr/5.4.0/avr4\libgcc.a(_prologue.o)
                              e:/atmel studio 7/7.0/toolchain/avr8/avr8-gnu-toolchain/bin/../lib/gcc/avr/5.4.0/../../../../avr/lib/avr4\libc.a(sprintf.o) (__prologue_saves__)
e:/atmel studio 7/7.0/toolchain/avr8/avr8-gnu-toolchain/bin/../lib/gcc/avr/5.4.0/avr4\libgcc.a(_epilogue.o)
                              e:/atmel studio 7/7.0/toolchain/avr8/avr8-gnu-toolchain/bin/../lib/gcc/avr/5.4.0/../../../../avr/lib/avr4\libc.a(sprintf.o) (__epilogue_restores__)

Allocating common symbols
Common symbol       size              file

uart_string         0x14              main.o
i                   0x1               main.o
read_data           0xa               main.o
time                0x7               main.o
i2c_buffer          0x8               ds3231.o
status              0x1               main.o

Discarded input sections

 .data          0x00000000        0x0 E:/Atmel studio 7/7.0/Packs/Atmel/ATmega_DFP/1.4.331/gcc/dev/atmega8a/avr4/crtatmega8a.o
 .bss           0x00000000        0x0 E:/Atmel studio 7/7.0/Packs/Atmel/ATmega_DFP/1.4.331/gcc/dev/atmega8a/avr4/crtatmega8a.o
 .text          0x00000000        0x0 ds3231.o
 .data          0x00000000        0x0 ds3231.o
 .bss           0x00000000        0x0 ds3231.o
 .text          0x00000000        0x0 main.o
 .data          0x00000000        0x0 main.o
 .bss           0x00000000        0x0 main.o
 .text          0x00000000        0x0 twi.o
 .data          0x00000000        0x0 twi.o
 .bss           0x00000000        0x0 twi.o
 .text          0x00000000        0x0 uart.o
 .data          0x00000000        0x0 uart.o
 .bss           0x00000000        0x0 uart.o
 .text.uart_getc
                0x00000000       0x3c uart.o
 .text.uart_puts_p
                0x00000000       0x22 uart.o
 .bss.UART_LastRxError
                0x00000000        0x1 uart.o
 .bss.UART_RxBuf
                0x00000000       0x20 uart.o
 .text          0x00000000        0x0 e:/atmel studio 7/7.0/toolchain/avr8/avr8-gnu-toolchain/bin/../lib/gcc/avr/5.4.0/avr4\libgcc.a(_exit.o)
 .data          0x00000000        0x0 e:/atmel studio 7/7.0/toolchain/avr8/avr8-gnu-toolchain/bin/../lib/gcc/avr/5.4.0/avr4\libgcc.a(_exit.o)
 .bss           0x00000000        0x0 e:/atmel studio 7/7.0/toolchain/avr8/avr8-gnu-toolchain/bin/../lib/gcc/avr/5.4.0/avr4\libgcc.a(_exit.o)
 .text.libgcc.mul
                0x00000000        0x0 e:/atmel studio 7/7.0/toolchain/avr8/avr8-gnu-toolchain/bin/../lib/gcc/avr/5.4.0/avr4\libgcc.a(_exit.o)
 .text.libgcc.div
                0x00000000        0x0 e:/atmel studio 7/7.0/toolchain/avr8/avr8-gnu-toolchain/bin/../lib/gcc/avr/5.4.0/avr4\libgcc.a(_exit.o)
 .text.libgcc   0x00000000        0x0 e:/atmel studio 7/7.0/toolchain/avr8/avr8-gnu-toolchain/bin/../lib/gcc/avr/5.4.0/avr4\libgcc.a(_exit.o)
 .text.libgcc.prologue
                0x00000000        0x0 e:/atmel studio 7/7.0/toolchain/avr8/avr8-gnu-toolchain/bin/../lib/gcc/avr/5.4.0/avr4\libgcc.a(_exit.o)
 .text.libgcc.builtins
                0x00000000        0x0 e:/atmel studio 7/7.0/toolchain/avr8/avr8-gnu-toolchain/bin/../lib/gcc/avr/5.4.0/avr4\libgcc.a(_exit.o)
 .text.libgcc.fmul
                0x00000000        0x0 e:/atmel studio 7/7.0/toolchain/avr8/avr8-gnu-toolchain/bin/../lib/gcc/avr/5.4.0/avr4\libgcc.a(_exit.o)
 .text.libgcc.fixed
                0x00000000        0x0 e:/atmel studio 7/7.0/toolchain/avr8/avr8-gnu-toolchain/bin/../lib/gcc/avr/5.4.0/avr4\libgcc.a(_exit.o)
 .text          0x00000000        0x0 e:/atmel studio 7/7.0/toolchain/avr8/avr8-gnu-toolchain/bin/../lib/gcc/avr/5.4.0/avr4\libgcc.a(_copy_data.o)
 .data          0x00000000        0x0 e:/atmel studio 7/7.0/toolchain/avr8/avr8-gnu-toolchain/bin/../lib/gcc/avr/5.4.0/avr4\libgcc.a(_copy_data.o)
 .bss           0x00000000        0x0 e:/atmel studio 7/7.0/toolchain/avr8/avr8-gnu-toolchain/bin/../lib/gcc/avr/5.4.0/avr4\libgcc.a(_copy_data.o)
 .text.libgcc.mul
                0x00000000        0x0 e:/atmel studio 7/7.0/toolchain/avr8/avr8-gnu-toolchain/bin/../lib/gcc/avr/5.4.0/avr4\libgcc.a(_copy_data.o)
 .text.libgcc.div
                0x00000000        0x0 e:/atmel studio 7/7.0/toolchain/avr8/avr8-gnu-toolchain/bin/../lib/gcc/avr/5.4.0/avr4\libgcc.a(_copy_data.o)
 .text.libgcc   0x00000000        0x0 e:/atmel studio 7/7.0/toolchain/avr8/avr8-gnu-toolchain/bin/../lib/gcc/avr/5.4.0/avr4\libgcc.a(_copy_data.o)
 .text.libgcc.prologue
                0x00000000        0x0 e:/atmel studio 7/7.0/toolchain/avr8/avr8-gnu-toolchain/bin/../lib/gcc/avr/5.4.0/avr4\libgcc.a(_copy_data.o)
 .text.libgcc.builtins
                0x00000000        0x0 e:/atmel studio 7/7.0/toolchain/avr8/avr8-gnu-toolchain/bin/../lib/gcc/avr/5.4.0/avr4\libgcc.a(_copy_data.o)
 .text.libgcc.fmul
                0x00000000        0x0 e:/atmel studio 7/7.0/toolchain/avr8/avr8-gnu-toolchain/bin/../lib/gcc/avr/5.4.0/avr4\libgcc.a(_copy_data.o)
 .text.libgcc.fixed
                0x00000000        0x0 e:/atmel studio 7/7.0/toolchain/avr8/avr8-gnu-toolchain/bin/../lib/gcc/avr/5.4.0/avr4\libgcc.a(_copy_data.o)
 .text          0x00000000        0x0 e:/atmel studio 7/7.0/toolchain/avr8/avr8-gnu-toolchain/bin/../lib/gcc/avr/5.4.0/avr4\libgcc.a(_clear_bss.o)
 .data          0x00000000        0x0 e:/atmel studio 7/7.0/toolchain/avr8/avr8-gnu-toolchain/bin/../lib/gcc/avr/5.4.0/avr4\libgcc.a(_clear_bss.o)
 .bss           0x00000000        0x0 e:/atmel studio 7/7.0/toolchain/avr8/avr8-gnu-toolchain/bin/../lib/gcc/avr/5.4.0/avr4\libgcc.a(_clear_bss.o)
 .text.libgcc.mul
                0x00000000        0x0 e:/atmel studio 7/7.0/toolchain/avr8/avr8-gnu-toolchain/bin/../lib/gcc/avr/5.4.0/avr4\libgcc.a(_clear_bss.o)
 .text.libgcc.div
                0x00000000        0x0 e:/atmel studio 7/7.0/toolchain/avr8/avr8-gnu-toolchain/bin/../lib/gcc/avr/5.4.0/avr4\libgcc.a(_clear_bss.o)
 .text.libgcc   0x00000000        0x0 e:/atmel studio 7/7.0/toolchain/avr8/avr8-gnu-toolchain/bin/../lib/gcc/avr/5.4.0/avr4\libgcc.a(_clear_bss.o)
 .text.libgcc.prologue
                0x00000000        0x0 e:/atmel studio 7/7.0/toolchain/avr8/avr8-gnu-toolchain/bin/../lib/gcc/avr/5.4.0/avr4\libgcc.a(_clear_bss.o)
 .text.libgcc.builtins
                0x00000000        0x0 e:/atmel studio 7/7.0/toolchain/avr8/avr8-gnu-toolchain/bin/../lib/gcc/avr/5.4.0/avr4\libgcc.a(_clear_bss.o)
 .text.libgcc.fmul
                0x00000000        0x0 e:/atmel studio 7/7.0/toolchain/avr8/avr8-gnu-toolchain/bin/../lib/gcc/avr/5.4.0/avr4\libgcc.a(_clear_bss.o)
 .text.libgcc.fixed
                0x00000000        0x0 e:/atmel studio 7/7.0/toolchain/avr8/avr8-gnu-toolchain/bin/../lib/gcc/avr/5.4.0/avr4\libgcc.a(_clear_bss.o)
 .text          0x00000000        0x0 e:/atmel studio 7/7.0/toolchain/avr8/avr8-gnu-toolchain/bin/../lib/gcc/avr/5.4.0/avr4\libgcc.a(_umulhisi3.o)
 .data          0x00000000        0x0 e:/atmel studio 7/7.0/toolchain/avr8/avr8-gnu-toolchain/bin/../lib/gcc/avr/5.4.0/avr4\libgcc.a(_umulhisi3.o)
 .bss           0x00000000        0x0 e:/atmel studio 7/7.0/toolchain/avr8/avr8-gnu-toolchain/bin/../lib/gcc/avr/5.4.0/avr4\libgcc.a(_umulhisi3.o)
 .text.libgcc.div
                0x00000000        0x0 e:/atmel studio 7/7.0/toolchain/avr8/avr8-gnu-toolchain/bin/../lib/gcc/avr/5.4.0/avr4\libgcc.a(_umulhisi3.o)
 .text.libgcc   0x00000000        0x0 e:/atmel studio 7/7.0/toolchain/avr8/avr8-gnu-toolchain/bin/../lib/gcc/avr/5.4.0/avr4\libgcc.a(_umulhisi3.o)
 .text.libgcc.prologue
                0x00000000        0x0 e:/atmel studio 7/7.0/toolchain/avr8/avr8-gnu-toolchain/bin/../lib/gcc/avr/5.4.0/avr4\libgcc.a(_umulhisi3.o)
 .text.libgcc.builtins
                0x00000000        0x0 e:/atmel studio 7/7.0/toolchain/avr8/avr8-gnu-toolchain/bin/../lib/gcc/avr/5.4.0/avr4\libgcc.a(_umulhisi3.o)
 .text.libgcc.fmul
                0x00000000        0x0 e:/atmel studio 7/7.0/toolchain/avr8/avr8-gnu-toolchain/bin/../lib/gcc/avr/5.4.0/avr4\libgcc.a(_umulhisi3.o)
 .text.libgcc.fixed
                0x00000000        0x0 e:/atmel studio 7/7.0/toolchain/avr8/avr8-gnu-toolchain/bin/../lib/gcc/avr/5.4.0/avr4\libgcc.a(_umulhisi3.o)
 .text          0x00000000        0x0 e:/atmel studio 7/7.0/toolchain/avr8/avr8-gnu-toolchain/bin/../lib/gcc/avr/5.4.0/../../../../avr/lib/avr4\libc.a(sprintf.o)
 .data          0x00000000        0x0 e:/atmel studio 7/7.0/toolchain/avr8/avr8-gnu-toolchain/bin/../lib/gcc/avr/5.4.0/../../../../avr/lib/avr4\libc.a(sprintf.o)
 .bss           0x00000000        0x0 e:/atmel studio 7/7.0/toolchain/avr8/avr8-gnu-toolchain/bin/../lib/gcc/avr/5.4.0/../../../../avr/lib/avr4\libc.a(sprintf.o)
 .text          0x00000000        0x0 e:/atmel studio 7/7.0/toolchain/avr8/avr8-gnu-toolchain/bin/../lib/gcc/avr/5.4.0/../../../../avr/lib/avr4\libc.a(vfprintf_std.o)
 .data          0x00000000        0x0 e:/atmel studio 7/7.0/toolchain/avr8/avr8-gnu-toolchain/bin/../lib/gcc/avr/5.4.0/../../../../avr/lib/avr4\libc.a(vfprintf_std.o)
 .bss           0x00000000        0x0 e:/atmel studio 7/7.0/toolchain/avr8/avr8-gnu-toolchain/bin/../lib/gcc/avr/5.4.0/../../../../avr/lib/avr4\libc.a(vfprintf_std.o)
 .text          0x00000000        0x0 e:/atmel studio 7/7.0/toolchain/avr8/avr8-gnu-toolchain/bin/../lib/gcc/avr/5.4.0/../../../../avr/lib/avr4\libc.a(strnlen_P.o)
 .data          0x00000000        0x0 e:/atmel studio 7/7.0/toolchain/avr8/avr8-gnu-toolchain/bin/../lib/gcc/avr/5.4.0/../../../../avr/lib/avr4\libc.a(strnlen_P.o)
 .bss           0x00000000        0x0 e:/atmel studio 7/7.0/toolchain/avr8/avr8-gnu-toolchain/bin/../lib/gcc/avr/5.4.0/../../../../avr/lib/avr4\libc.a(strnlen_P.o)
 .text          0x00000000        0x0 e:/atmel studio 7/7.0/toolchain/avr8/avr8-gnu-toolchain/bin/../lib/gcc/avr/5.4.0/../../../../avr/lib/avr4\libc.a(strnlen.o)
 .data          0x00000000        0x0 e:/atmel studio 7/7.0/toolchain/avr8/avr8-gnu-toolchain/bin/../lib/gcc/avr/5.4.0/../../../../avr/lib/avr4\libc.a(strnlen.o)
 .bss           0x00000000        0x0 e:/atmel studio 7/7.0/toolchain/avr8/avr8-gnu-toolchain/bin/../lib/gcc/avr/5.4.0/../../../../avr/lib/avr4\libc.a(strnlen.o)
 .text          0x00000000        0x0 e:/atmel studio 7/7.0/toolchain/avr8/avr8-gnu-toolchain/bin/../lib/gcc/avr/5.4.0/../../../../avr/lib/avr4\libc.a(fputc.o)
 .data          0x00000000        0x0 e:/atmel studio 7/7.0/toolchain/avr8/avr8-gnu-toolchain/bin/../lib/gcc/avr/5.4.0/../../../../avr/lib/avr4\libc.a(fputc.o)
 .bss           0x00000000        0x0 e:/atmel studio 7/7.0/toolchain/avr8/avr8-gnu-toolchain/bin/../lib/gcc/avr/5.4.0/../../../../avr/lib/avr4\libc.a(fputc.o)
 .text          0x00000000        0x0 e:/atmel studio 7/7.0/toolchain/avr8/avr8-gnu-toolchain/bin/../lib/gcc/avr/5.4.0/../../../../avr/lib/avr4\libc.a(ultoa_invert.o)
 .data          0x00000000        0x0 e:/atmel studio 7/7.0/toolchain/avr8/avr8-gnu-toolchain/bin/../lib/gcc/avr/5.4.0/../../../../avr/lib/avr4\libc.a(ultoa_invert.o)
 .bss           0x00000000        0x0 e:/atmel studio 7/7.0/toolchain/avr8/avr8-gnu-toolchain/bin/../lib/gcc/avr/5.4.0/../../../../avr/lib/avr4\libc.a(ultoa_invert.o)
 .text          0x00000000        0x0 e:/atmel studio 7/7.0/toolchain/avr8/avr8-gnu-toolchain/bin/../lib/gcc/avr/5.4.0/avr4\libgcc.a(_prologue.o)
 .data          0x00000000        0x0 e:/atmel studio 7/7.0/toolchain/avr8/avr8-gnu-toolchain/bin/../lib/gcc/avr/5.4.0/avr4\libgcc.a(_prologue.o)
 .bss           0x00000000        0x0 e:/atmel studio 7/7.0/toolchain/avr8/avr8-gnu-toolchain/bin/../lib/gcc/avr/5.4.0/avr4\libgcc.a(_prologue.o)
 .text.libgcc.mul
                0x00000000        0x0 e:/atmel studio 7/7.0/toolchain/avr8/avr8-gnu-toolchain/bin/../lib/gcc/avr/5.4.0/avr4\libgcc.a(_prologue.o)
 .text.libgcc.div
                0x00000000        0x0 e:/atmel studio 7/7.0/toolchain/avr8/avr8-gnu-toolchain/bin/../lib/gcc/avr/5.4.0/avr4\libgcc.a(_prologue.o)
 .text.libgcc   0x00000000        0x0 e:/atmel studio 7/7.0/toolchain/avr8/avr8-gnu-toolchain/bin/../lib/gcc/avr/5.4.0/avr4\libgcc.a(_prologue.o)
 .text.libgcc.builtins
                0x00000000        0x0 e:/atmel studio 7/7.0/toolchain/avr8/avr8-gnu-toolchain/bin/../lib/gcc/avr/5.4.0/avr4\libgcc.a(_prologue.o)
 .text.libgcc.fmul
                0x00000000        0x0 e:/atmel studio 7/7.0/toolchain/avr8/avr8-gnu-toolchain/bin/../lib/gcc/avr/5.4.0/avr4\libgcc.a(_prologue.o)
 .text.libgcc.fixed
                0x00000000        0x0 e:/atmel studio 7/7.0/toolchain/avr8/avr8-gnu-toolchain/bin/../lib/gcc/avr/5.4.0/avr4\libgcc.a(_prologue.o)
 .text          0x00000000        0x0 e:/atmel studio 7/7.0/toolchain/avr8/avr8-gnu-toolchain/bin/../lib/gcc/avr/5.4.0/avr4\libgcc.a(_epilogue.o)
 .data          0x00000000        0x0 e:/atmel studio 7/7.0/toolchain/avr8/avr8-gnu-toolchain/bin/../lib/gcc/avr/5.4.0/avr4\libgcc.a(_epilogue.o)
 .bss           0x00000000        0x0 e:/atmel studio 7/7.0/toolchain/avr8/avr8-gnu-toolchain/bin/../lib/gcc/avr/5.4.0/avr4\libgcc.a(_epilogue.o)
 .text.libgcc.mul
                0x00000000        0x0 e:/atmel studio 7/7.0/toolchain/avr8/avr8-gnu-toolchain/bin/../lib/gcc/avr/5.4.0/avr4\libgcc.a(_epilogue.o)
 .text.libgcc.div
                0x00000000        0x0 e:/atmel studio 7/7.0/toolchain/avr8/avr8-gnu-toolchain/bin/../lib/gcc/avr/5.4.0/avr4\libgcc.a(_epilogue.o)
 .text.libgcc   0x00000000        0x0 e:/atmel studio 7/7.0/toolchain/avr8/avr8-gnu-toolchain/bin/../lib/gcc/avr/5.4.0/avr4\libgcc.a(_epilogue.o)
 .text.libgcc.builtins
                0x00000000        0x0 e:/atmel studio 7/7.0/toolchain/avr8/avr8-gnu-toolchain/bin/../lib/gcc/avr/5.4.0/avr4\libgcc.a(_epilogue.o)
 .text.libgcc.fmul
                0x00000000        0x0 e:/atmel studio 7/7.0/toolchain/avr8/avr8-gnu-toolchain/bin/../lib/gcc/avr/5.4.0/avr4\libgcc.a(_epilogue.o)
 .text.libgcc.fixed
                0x00000000        0x0 e:/atmel studio 7/7.0/toolchain/avr8/avr8-gnu-toolchain/bin/../lib/gcc/avr/5.4.0/avr4\libgcc.a(_epilogue.o)

Memory Configuration

Name             Origin             Length             Attributes
text             0x00000000         0x00002000         xr
data             0x00800060         0x00000400         rw !x
eeprom           0x00810000         0x00000200         rw !x
fuse             0x00820000         0x00000002         rw !x
lock             0x00830000         0x00000400         rw !x
signature        0x00840000         0x00000400         rw !x
user_signatures  0x00850000         0x00000400         rw !x
*default*        0x00000000         0xffffffff

Linker script and memory map

LOAD E:/Atmel studio 7/7.0/Packs/Atmel/ATmega_DFP/1.4.331/gcc/dev/atmega8a/avr4/crtatmega8a.o
LOAD ds3231.o
LOAD main.o
LOAD twi.o
LOAD uart.o
START GROUP
LOAD e:/atmel studio 7/7.0/toolchain/avr8/avr8-gnu-toolchain/bin/../lib/gcc/avr/5.4.0/../../../../avr/lib/avr4\libm.a
END GROUP
START GROUP
LOAD e:/atmel studio 7/7.0/toolchain/avr8/avr8-gnu-toolchain/bin/../lib/gcc/avr/5.4.0/avr4\libgcc.a
LOAD e:/atmel studio 7/7.0/toolchain/avr8/avr8-gnu-toolchain/bin/../lib/gcc/avr/5.4.0/../../../../avr/lib/avr4\libm.a
LOAD e:/atmel studio 7/7.0/toolchain/avr8/avr8-gnu-toolchain/bin/../lib/gcc/avr/5.4.0/../../../../avr/lib/avr4\libc.a
LOAD E:/Atmel studio 7/7.0/Packs/Atmel/ATmega_DFP/1.4.331/gcc/dev/atmega8a/avr4\libatmega8a.a
END GROUP
                [0x00000000]                __TEXT_REGION_ORIGIN__ = DEFINED (__TEXT_REGION_ORIGIN__)?__TEXT_REGION_ORIGIN__:0x0
                [0x00800060]                __DATA_REGION_ORIGIN__ = DEFINED (__DATA_REGION_ORIGIN__)?__DATA_REGION_ORIGIN__:0x800060
                [0x00002000]                __TEXT_REGION_LENGTH__ = DEFINED (__TEXT_REGION_LENGTH__)?__TEXT_REGION_LENGTH__:0x2000
                [0x00000400]                __DATA_REGION_LENGTH__ = DEFINED (__DATA_REGION_LENGTH__)?__DATA_REGION_LENGTH__:0xffa0
                [0x00000200]                __EEPROM_REGION_LENGTH__ = DEFINED (__EEPROM_REGION_LENGTH__)?__EEPROM_REGION_LENGTH__:0x10000
                [0x00000002]                __FUSE_REGION_LENGTH__ = DEFINED (__FUSE_REGION_LENGTH__)?__FUSE_REGION_LENGTH__:0x400
                0x00000400                __LOCK_REGION_LENGTH__ = DEFINED (__LOCK_REGION_LENGTH__)?__LOCK_REGION_LENGTH__:0x400
                0x00000400                __SIGNATURE_REGION_LENGTH__ = DEFINED (__SIGNATURE_REGION_LENGTH__)?__SIGNATURE_REGION_LENGTH__:0x400
                0x00000400                __USER_SIGNATURE_REGION_LENGTH__ = DEFINED (__USER_SIGNATURE_REGION_LENGTH__)?__USER_SIGNATURE_REGION_LENGTH__:0x400

.hash
 *(.hash)

.dynsym
 *(.dynsym)

.dynstr
 *(.dynstr)

.gnu.version
 *(.gnu.version)

.gnu.version_d
 *(.gnu.version_d)

.gnu.version_r
 *(.gnu.version_r)

.rel.init
 *(.rel.init)

.rela.init
 *(.rela.init)

.rel.text
 *(.rel.text)
 *(.rel.text.*)
 *(.rel.gnu.linkonce.t*)

.rela.text
 *(.rela.text)
 *(.rela.text.*)
 *(.rela.gnu.linkonce.t*)

.rel.fini
 *(.rel.fini)

.rela.fini
 *(.rela.fini)

.rel.rodata
 *(.rel.rodata)
 *(.rel.rodata.*)
 *(.rel.gnu.linkonce.r*)

.rela.rodata
 *(.rela.rodata)
 *(.rela.rodata.*)
 *(.rela.gnu.linkonce.r*)

.rel.data
 *(.rel.data)
 *(.rel.data.*)
 *(.rel.gnu.linkonce.d*)

.rela.data
 *(.rela.data)
 *(.rela.data.*)
 *(.rela.gnu.linkonce.d*)

.rel.ctors
 *(.rel.ctors)

.rela.ctors
 *(.rela.ctors)

.rel.dtors
 *(.rel.dtors)

.rela.dtors
 *(.rela.dtors)

.rel.got
 *(.rel.got)

.rela.got
 *(.rela.got)

.rel.bss
 *(.rel.bss)

.rela.bss
 *(.rela.bss)

.rel.plt
 *(.rel.plt)

.rela.plt
 *(.rela.plt)

.text           0x00000000      0xbf8
 *(.vectors)
 .vectors       0x00000000       0x26 E:/Atmel studio 7/7.0/Packs/Atmel/ATmega_DFP/1.4.331/gcc/dev/atmega8a/avr4/crtatmega8a.o
                0x00000000                __vector_default
                0x00000000                __vectors
 *(.vectors)
 *(.progmem.gcc*)
                0x00000026                . = ALIGN (0x2)
                0x00000026                __trampolines_start = .
 *(.trampolines)
 .trampolines   0x00000026        0x0 linker stubs
 *(.trampolines*)
                0x00000026                __trampolines_end = .
 *libprintf_flt.a:*(.progmem.data)
 *libc.a:*(.progmem.data)
 *(.progmem*)
                0x00000026                . = ALIGN (0x2)
 *(.jumptables)
 *(.jumptables*)
 *(.lowtext)
 *(.lowtext*)
                0x00000026                __ctors_start = .
 *(.ctors)
                0x00000026                __ctors_end = .
                0x00000026                __dtors_start = .
 *(.dtors)
                0x00000026                __dtors_end = .
 SORT(*)(.ctors)
 SORT(*)(.dtors)
 *(.init0)
 .init0         0x00000026        0x0 E:/Atmel studio 7/7.0/Packs/Atmel/ATmega_DFP/1.4.331/gcc/dev/atmega8a/avr4/crtatmega8a.o
                0x00000026                __init
 *(.init0)
 *(.init1)
 *(.init1)
 *(.init2)
 .init2         0x00000026        0xc E:/Atmel studio 7/7.0/Packs/Atmel/ATmega_DFP/1.4.331/gcc/dev/atmega8a/avr4/crtatmega8a.o
 *(.init2)
 *(.init3)
 *(.init3)
 *(.init4)
 .init4         0x00000032       0x16 e:/atmel studio 7/7.0/toolchain/avr8/avr8-gnu-toolchain/bin/../lib/gcc/avr/5.4.0/avr4\libgcc.a(_copy_data.o)
                0x00000032                __do_copy_data
 .init4         0x00000048       0x10 e:/atmel studio 7/7.0/toolchain/avr8/avr8-gnu-toolchain/bin/../lib/gcc/avr/5.4.0/avr4\libgcc.a(_clear_bss.o)
                0x00000048                __do_clear_bss
 *(.init4)
 *(.init5)
 *(.init5)
 *(.init6)
 *(.init6)
 *(.init7)
 *(.init7)
 *(.init8)
 *(.init8)
 *(.init9)
 .init9         0x00000058        0x4 E:/Atmel studio 7/7.0/Packs/Atmel/ATmega_DFP/1.4.331/gcc/dev/atmega8a/avr4/crtatmega8a.o
 *(.init9)
 *(.text)
 .text          0x0000005c        0x2 E:/Atmel studio 7/7.0/Packs/Atmel/ATmega_DFP/1.4.331/gcc/dev/atmega8a/avr4/crtatmega8a.o
                0x0000005c                __bad_interrupt
                0x0000005c                __vector_6
                0x0000005c                __vector_3
                0x0000005c                __vector_11
                0x0000005c                __vector_13
                0x0000005c                __vector_17
                0x0000005c                __vector_7
                0x0000005c                __vector_5
                0x0000005c                __vector_4
                0x0000005c                __vector_2
                0x0000005c                __vector_15
                0x0000005c                __vector_8
                0x0000005c                __vector_14
                0x0000005c                __vector_10
                0x0000005c                __vector_16
                0x0000005c                __vector_18
                0x0000005e                . = ALIGN (0x2)
 *(.text.*)
 .text.dec2bcd  0x0000005e       0x26 ds3231.o
                0x0000005e                dec2bcd
 .text.bcd2dec  0x00000084       0x16 ds3231.o
                0x00000084                bcd2dec
 .text.dayofweek
                0x0000009a       0x9c ds3231.o
                0x0000009a                dayofweek
 .text.DS3231_initialization
                0x00000136       0x58 ds3231.o
                0x00000136                DS3231_initialization
 .text.DS3231_setTime
                0x0000018e       0x7e ds3231.o
                0x0000018e                DS3231_setTime
 .text.DS3231_getTime
                0x0000020c       0x9c ds3231.o
                0x0000020c                DS3231_getTime
 .text.main     0x000002a8      0x1ae main.o
                0x000002a8                main
 .text.__vector_1
                0x00000456       0x4e main.o
                0x00000456                __vector_1
 .text.__vector_9
                0x000004a4       0x70 main.o
                0x000004a4                __vector_9
 .text.twi_init
                0x00000514        0xc twi.o
                0x00000514                twi_init
 .text.twi_start
                0x00000520       0x2c twi.o
                0x00000520                twi_start
 .text.twi_write
                0x0000054c        0xe twi.o
                0x0000054c                twi_write
 .text.twi_read_ack
                0x0000055a        0xe twi.o
                0x0000055a                twi_read_ack
 .text.twi_read_nack
                0x00000568        0xe twi.o
                0x00000568                twi_read_nack
 .text.twi_stop
                0x00000576        0x6 twi.o
                0x00000576                twi_stop
 .text.__vector_12
                0x0000057c       0x4a uart.o
                0x0000057c                __vector_12
 .text.uart_init
                0x000005c6       0x28 uart.o
                0x000005c6                uart_init
 .text.uart_putc
                0x000005ee       0x22 uart.o
                0x000005ee                uart_putc
 .text.uart_puts
                0x00000610       0x1c uart.o
                0x00000610                uart_puts
 .text.libgcc.mul
                0x0000062c       0x18 e:/atmel studio 7/7.0/toolchain/avr8/avr8-gnu-toolchain/bin/../lib/gcc/avr/5.4.0/avr4\libgcc.a(_umulhisi3.o)
                0x0000062c                __umulhisi3
 .text.avr-libc
                0x00000644       0x3e e:/atmel studio 7/7.0/toolchain/avr8/avr8-gnu-toolchain/bin/../lib/gcc/avr/5.4.0/../../../../avr/lib/avr4\libc.a(sprintf.o)
                0x00000644                sprintf
 .text.avr-libc
                0x00000682      0x3a4 e:/atmel studio 7/7.0/toolchain/avr8/avr8-gnu-toolchain/bin/../lib/gcc/avr/5.4.0/../../../../avr/lib/avr4\libc.a(vfprintf_std.o)
                0x00000682                vfprintf
 .text.avr-libc
                0x00000a26       0x16 e:/atmel studio 7/7.0/toolchain/avr8/avr8-gnu-toolchain/bin/../lib/gcc/avr/5.4.0/../../../../avr/lib/avr4\libc.a(strnlen_P.o)
                0x00000a26                strnlen_P
 .text.avr-libc
                0x00000a3c       0x16 e:/atmel studio 7/7.0/toolchain/avr8/avr8-gnu-toolchain/bin/../lib/gcc/avr/5.4.0/../../../../avr/lib/avr4\libc.a(strnlen.o)
                0x00000a3c                strnlen
 .text.avr-libc
                0x00000a52       0x78 e:/atmel studio 7/7.0/toolchain/avr8/avr8-gnu-toolchain/bin/../lib/gcc/avr/5.4.0/../../../../avr/lib/avr4\libc.a(fputc.o)
                0x00000a52                fputc
 .text.avr-libc
                0x00000aca       0xbc e:/atmel studio 7/7.0/toolchain/avr8/avr8-gnu-toolchain/bin/../lib/gcc/avr/5.4.0/../../../../avr/lib/avr4\libc.a(ultoa_invert.o)
                0x00000aca                __ultoa_invert
 .text.libgcc.prologue
                0x00000b86       0x38 e:/atmel studio 7/7.0/toolchain/avr8/avr8-gnu-toolchain/bin/../lib/gcc/avr/5.4.0/avr4\libgcc.a(_prologue.o)
                0x00000b86                __prologue_saves__
 .text.libgcc.prologue
                0x00000bbe       0x36 e:/atmel studio 7/7.0/toolchain/avr8/avr8-gnu-toolchain/bin/../lib/gcc/avr/5.4.0/avr4\libgcc.a(_epilogue.o)
                0x00000bbe                __epilogue_restores__
                0x00000bf4                . = ALIGN (0x2)
 *(.fini9)
 .fini9         0x00000bf4        0x0 e:/atmel studio 7/7.0/toolchain/avr8/avr8-gnu-toolchain/bin/../lib/gcc/avr/5.4.0/avr4\libgcc.a(_exit.o)
                0x00000bf4                _exit
                0x00000bf4                exit
 *(.fini9)
 *(.fini8)
 *(.fini8)
 *(.fini7)
 *(.fini7)
 *(.fini6)
 *(.fini6)
 *(.fini5)
 *(.fini5)
 *(.fini4)
 *(.fini4)
 *(.fini3)
 *(.fini3)
 *(.fini2)
 *(.fini2)
 *(.fini1)
 *(.fini1)
 *(.fini0)
 .fini0         0x00000bf4        0x4 e:/atmel studio 7/7.0/toolchain/avr8/avr8-gnu-toolchain/bin/../lib/gcc/avr/5.4.0/avr4\libgcc.a(_exit.o)
 *(.fini0)
                0x00000bf8                _etext = .

.data           0x00800060       0x50 load address 0x00000bf8
                0x00800060                PROVIDE (__data_start, .)
 *(.data)
 *(.data*)
 .data.year     0x00800060        0x2 main.o
                0x00800060                year
 .data.month    0x00800062        0x1 main.o
                0x00800062                month
 .data.day      0x00800063        0x1 main.o
                0x00800063                day
 .data.time_done
                0x00800064        0x1 main.o
                0x00800064                time_done
 *(.gnu.linkonce.d*)
 *(.rodata)
 *(.rodata*)
 .rodata.t.1865
                0x00800065        0xc ds3231.o
 .rodata.str1.1
                0x00800071       0x3e main.o
 *(.gnu.linkonce.r*)
                0x008000b0                . = ALIGN (0x2)
 *fill*         0x008000af        0x1 
                0x008000b0                _edata = .
                0x008000b0                PROVIDE (__data_end, .)

.bss            0x008000b0       0x59
                0x008000b0                PROVIDE (__bss_start, .)
 *(.bss)
 *(.bss*)
 .bss.minutes   0x008000b0        0x1 main.o
                0x008000b0                minutes
 .bss.hours     0x008000b1        0x1 main.o
                0x008000b1                hours
 .bss.btn_press
                0x008000b2        0x4 main.o
                0x008000b2                btn_press
 .bss.UART_RxTail
                0x008000b6        0x1 uart.o
 .bss.UART_RxHead
                0x008000b7        0x1 uart.o
 .bss.UART_TxTail
                0x008000b8        0x1 uart.o
 .bss.UART_TxHead
                0x008000b9        0x1 uart.o
 .bss.UART_TxBuf
                0x008000ba       0x20 uart.o
 *(COMMON)
 COMMON         0x008000da        0x8 ds3231.o
                0x008000da                i2c_buffer
 COMMON         0x008000e2       0x27 main.o
                0x008000e2                uart_string
                0x008000f6                i
                0x008000f7                read_data
                0x00800101                time
                0x00800108                status
                0x00800109                PROVIDE (__bss_end, .)
                0x00000bf8                __data_load_start = LOADADDR (.data)
                0x00000c48                __data_load_end = (__data_load_start + SIZEOF (.data))

.noinit         0x00800109        0x0
                [!provide]                PROVIDE (__noinit_start, .)
 *(.noinit*)
                [!provide]                PROVIDE (__noinit_end, .)
                0x00800109                _end = .
                [!provide]                PROVIDE (__heap_start, .)

.eeprom         0x00810000        0x0
 *(.eeprom*)
                0x00810000                __eeprom_end = .

.fuse
 *(.fuse)
 *(.lfuse)
 *(.hfuse)
 *(.efuse)

.lock
 *(.lock*)

.signature
 *(.signature*)

.user_signatures
 *(.user_signatures*)

.stab
 *(.stab)

.stabstr
 *(.stabstr)

.stab.excl
 *(.stab.excl)

.stab.exclstr
 *(.stab.exclstr)

.stab.index
 *(.stab.index)

.stab.indexstr
 *(.stab.indexstr)

.comment        0x00000000       0x5c
 *(.comment)
 .comment       0x00000000       0x30 ds3231.o
                                 0x31 (size before relaxing)
 .comment       0x00000030       0x31 main.o
 .comment       0x00000030       0x31 twi.o
 .comment       0x00000030       0x31 uart.o
 .comment       0x00000030       0x31 e:/atmel studio 7/7.0/toolchain/avr8/avr8-gnu-toolchain/bin/../lib/gcc/avr/5.4.0/../../../../avr/lib/avr4\libc.a(sprintf.o)
 .comment       0x00000030       0x2c e:/atmel studio 7/7.0/toolchain/avr8/avr8-gnu-toolchain/bin/../lib/gcc/avr/5.4.0/../../../../avr/lib/avr4\libc.a(vfprintf_std.o)
                                 0x2d (size before relaxing)
 .comment       0x0000005c       0x31 e:/atmel studio 7/7.0/toolchain/avr8/avr8-gnu-toolchain/bin/../lib/gcc/avr/5.4.0/../../../../avr/lib/avr4\libc.a(fputc.o)

.note.gnu.avr.deviceinfo
                0x00000000       0x3c
 .note.gnu.avr.deviceinfo
                0x00000000       0x3c E:/Atmel studio 7/7.0/Packs/Atmel/ATmega_DFP/1.4.331/gcc/dev/atmega8a/avr4/crtatmega8a.o

.note.gnu.build-id
 *(.note.gnu.build-id)

.debug
 *(.debug)

.line
 *(.line)

.debug_srcinfo
 *(.debug_srcinfo)

.debug_sfnames
 *(.debug_sfnames)

.debug_aranges  0x00000000      0x108
 *(.debug_aranges)
 .debug_aranges
                0x00000000       0x48 ds3231.o
 .debug_aranges
                0x00000048       0x30 main.o
 .debug_aranges
                0x00000078       0x48 twi.o
 .debug_aranges
                0x000000c0       0x48 uart.o

.debug_pubnames
 *(.debug_pubnames)

.debug_info     0x00000000     0x1215
 *(.debug_info .gnu.linkonce.wi.*)
 .debug_info    0x00000000      0x48c E:/Atmel studio 7/7.0/Packs/Atmel/ATmega_DFP/1.4.331/gcc/dev/atmega8a/avr4/crtatmega8a.o
 .debug_info    0x0000048c      0x597 ds3231.o
 .debug_info    0x00000a23      0x412 main.o
 .debug_info    0x00000e35      0x132 twi.o
 .debug_info    0x00000f67      0x2ae uart.o

.debug_abbrev   0x00000000      0x960
 *(.debug_abbrev)
 .debug_abbrev  0x00000000      0x44e E:/Atmel studio 7/7.0/Packs/Atmel/ATmega_DFP/1.4.331/gcc/dev/atmega8a/avr4/crtatmega8a.o
 .debug_abbrev  0x0000044e      0x198 ds3231.o
 .debug_abbrev  0x000005e6      0x19b main.o
 .debug_abbrev  0x00000781       0xbf twi.o
 .debug_abbrev  0x00000840      0x120 uart.o

.debug_line     0x00000000      0x9ac
 *(.debug_line .debug_line.* .debug_line_end)
 .debug_line    0x00000000      0x109 E:/Atmel studio 7/7.0/Packs/Atmel/ATmega_DFP/1.4.331/gcc/dev/atmega8a/avr4/crtatmega8a.o
 .debug_line    0x00000109      0x2a4 ds3231.o
 .debug_line    0x000003ad      0x2ac main.o
 .debug_line    0x00000659      0x18c twi.o
 .debug_line    0x000007e5      0x1c7 uart.o

.debug_frame    0x00000000      0x2c8
 *(.debug_frame)
 .debug_frame   0x00000000       0xc4 ds3231.o
 .debug_frame   0x000000c4       0xe4 main.o
 .debug_frame   0x000001a8       0x74 twi.o
 .debug_frame   0x0000021c       0xac uart.o

.debug_str      0x00000000      0x613
 *(.debug_str)
 .debug_str     0x00000000      0x17a E:/Atmel studio 7/7.0/Packs/Atmel/ATmega_DFP/1.4.331/gcc/dev/atmega8a/avr4/crtatmega8a.o
 .debug_str     0x0000017a      0x2a7 ds3231.o
                                0x2ea (size before relaxing)
 .debug_str     0x00000421       0xdf main.o
                                0x2a2 (size before relaxing)
 .debug_str     0x00000500       0x2f twi.o
                                0x1b4 (size before relaxing)
 .debug_str     0x0000052f       0xe4 uart.o
                                0x248 (size before relaxing)

.debug_loc      0x00000000      0x8a6
 *(.debug_loc)
 .debug_loc     0x00000000      0x3ef ds3231.o
 .debug_loc     0x000003ef      0x22d main.o
 .debug_loc     0x0000061c       0x5a twi.o
 .debug_loc     0x00000676      0x230 uart.o

.debug_macinfo
 *(.debug_macinfo)

.debug_weaknames
 *(.debug_weaknames)

.debug_funcnames
 *(.debug_funcnames)

.debug_typenames
 *(.debug_typenames)

.debug_varnames
 *(.debug_varnames)

.debug_pubtypes
 *(.debug_pubtypes)

.debug_ranges   0x00000000       0xe0
 *(.debug_ranges)
 .debug_ranges  0x00000000       0x38 ds3231.o
 .debug_ranges  0x00000038       0x20 main.o
 .debug_ranges  0x00000058       0x38 twi.o
 .debug_ranges  0x00000090       0x50 uart.o

.debug_macro
 *(.debug_macro)
OUTPUT(Clock_FW.elf elf32-avr)
LOAD linker stubs
